2022-12-31 "1.75% CHF SURCHARGE ABROAD"
Liabilities:CreditCard Expenses:TBD                 0.06 CHF

2022-12-31 "aliexpress Luxembourg LUX (Discount stores)"
Liabilities:CreditCard Expenses:TBD                 3.64 CHF

2024-06-27 "DIRECT DEBIT"
Expenses:TBD           Liabilities:CreditCard    1680.75 CHF

